2026-06-05T02:59:30+00:00 | audit_log_started | path=logs/candidate-rag-20260605-025930.log
2026-06-05T02:59:30+00:00 | START Loading configuration
2026-06-05T02:59:30+00:00 | DONE Loading configuration | elapsed_ms=0
2026-06-05T02:59:30+00:00 | execution_summary | Dataset: J1 | Candidate model: google/gemma-2-2b-it | Provider: remote_http | Batch size: 1 | Question id: - | Question range: 71-71
2026-06-05T02:59:30+00:00 | START Connecting to local PostgreSQL | DATABASE_URL=<redacted>
2026-06-05T02:59:30+00:00 | DONE Connecting to local PostgreSQL | DATABASE_URL=<redacted> elapsed_ms=27
2026-06-05T02:59:30+00:00 | START Ensuring candidate metadata schema
2026-06-05T02:59:30+00:00 | DONE Ensuring candidate metadata schema | elapsed_ms=31
2026-06-05T02:59:30+00:00 | START Selecting candidate questions for J1 | dataset=J1 batch_size=1 question_id=None start=71 end=71
2026-06-05T02:59:30+00:00 | DONE Selecting candidate questions for J1 | dataset=J1 batch_size=1 question_id=None start=71 end=71 elapsed_ms=3
2026-06-05T02:59:30+00:00 | candidate_runtime_config | Candidate runtime config: |   model: google/gemma-2-2b-it |   technical provider: remote_http |   av3 provider: featherless |   base_url: https://api.featherless.ai/v1 |   api_key: <set> |   temperature: 0.0 |   top_p: 1.0 |   max_tokens: 1024 |   save_raw_response: false
2026-06-05T02:59:30+00:00 | run_started | candidate_run_id=10 dataset=J1 model=google/gemma-2-2b-it provider=remote_http retrieval_run_id=1 prompt_id=1
2026-06-05T02:59:30+00:00 | question_started | candidate_run_id=10 question_id=71 sequence=71 dataset=J1
2026-06-05T02:59:32+00:00 | retrieval_finished | candidate_run_id=10 question_id=71 status=success chunks=5
2026-06-05T03:00:20+00:00 | generation_finished | candidate_run_id=10 question_id=71 latency_ms=47799
2026-06-05T03:00:20+00:00 | answer_persisted | candidate_answer_id=8 question_id=71 status=success
2026-06-05T03:00:20+00:00 | snapshot_persisted | candidate_answer_id=8 question_id=71 count=5
2026-06-05T03:00:20+00:00 | run_finished | candidate_run_id=10 selected=1 processed=1 success=1 failed=0 skipped=0
2026-06-05T03:00:20+00:00 | START Closing PostgreSQL connection
2026-06-05T03:00:20+00:00 | DONE Closing PostgreSQL connection | elapsed_ms=0
2026-06-05T03:00:20+00:00 | audit_log_finished
