2026-06-05T02:23:32+00:00 | audit_log_started | path=logs/candidate-rag-20260605-022332.log
2026-06-05T02:23:32+00:00 | START Loading configuration
2026-06-05T02:23:32+00:00 | DONE Loading configuration | elapsed_ms=0
2026-06-05T02:23:32+00:00 | execution_summary | Dataset: J1 | Candidate model: x-ai/grok-4.3 | Provider: remote_http | Batch size: 1 | Question id: - | Question range: 119-119
2026-06-05T02:23:32+00:00 | START Connecting to local PostgreSQL | DATABASE_URL=<redacted>
2026-06-05T02:23:32+00:00 | DONE Connecting to local PostgreSQL | DATABASE_URL=<redacted> elapsed_ms=61
2026-06-05T02:23:32+00:00 | START Ensuring candidate metadata schema
2026-06-05T02:23:32+00:00 | DONE Ensuring candidate metadata schema | elapsed_ms=32
2026-06-05T02:23:32+00:00 | run_started | candidate_run_id=1 dataset=J1 model=x-ai/grok-4.3 provider=remote_http retrieval_run_id=1 prompt_id=1
2026-06-05T02:23:32+00:00 | START Selecting candidate questions for J1 | dataset=J1 batch_size=1 question_id=None start=119 end=119
2026-06-05T02:23:32+00:00 | DONE Selecting candidate questions for J1 | dataset=J1 batch_size=1 question_id=None start=119 end=119 elapsed_ms=3
2026-06-05T02:23:32+00:00 | question_started | candidate_run_id=1 question_id=119 sequence=119 dataset=J1
2026-06-05T02:23:33+00:00 | retrieval_finished | candidate_run_id=1 question_id=119 status=success chunks=5
2026-06-05T02:23:38+00:00 | generation_finished | candidate_run_id=1 question_id=119 latency_ms=4673
2026-06-05T02:23:38+00:00 | answer_persisted | candidate_answer_id=1 question_id=119 status=success
2026-06-05T02:23:38+00:00 | snapshot_persisted | candidate_answer_id=1 question_id=119 count=5
2026-06-05T02:23:38+00:00 | run_finished | candidate_run_id=1 selected=1 processed=1 success=1 failed=0 skipped=0
2026-06-05T02:23:38+00:00 | START Closing PostgreSQL connection
2026-06-05T02:23:38+00:00 | DONE Closing PostgreSQL connection | elapsed_ms=0
2026-06-05T02:23:38+00:00 | audit_log_finished
